EN ramcontroller NULL /home/charles/Documents/FPGA/CharlesProc/RAMController.vhd sub00/vhpl08 1492852614
PB constants constants /home/charles/Documents/FPGA/CharlesProc/Constants.vhd sub00/vhpl01 1492852609
AR ramcontroller behavioral /home/charles/Documents/FPGA/CharlesProc/RAMController.vhd sub00/vhpl09 1492852615
PH constants NULL /home/charles/Documents/FPGA/CharlesProc/Constants.vhd sub00/vhpl00 1492852608
AR microprocessor behavioral /home/charles/Documents/FPGA/CharlesProc/MicroProcessor.vhd sub00/vhpl07 1492852613
EN computer NULL /home/charles/Documents/FPGA/CharlesProc/Computer.vhd sub00/vhpl10 1492852616
AR alutestbench behavioral "C:/Users/Charles/Google Drive/Projets/CharlesProc/ALUTestBench.vhd" sub00/vhpl05 1492191888
EN alutestbench NULL /home/charles/Documents/FPGA/CharlesProc/ALUTestBench.vhd sub00/vhpl04 1492417537
AR alu behavioral /home/charles/Documents/FPGA/CharlesProc/ALU.vhd sub00/vhpl03 1492852611
EN microprocessor NULL /home/charles/Documents/FPGA/CharlesProc/MicroProcessor.vhd sub00/vhpl06 1492852612
AR computer behavioral /home/charles/Documents/FPGA/CharlesProc/Computer.vhd sub00/vhpl11 1492852617
EN alu NULL /home/charles/Documents/FPGA/CharlesProc/ALU.vhd sub00/vhpl02 1492852610
