V3 25
FL /home/charles/Documents/FPGA/CharlesProc/ALU.vhd 2017/04/17.10:23:17 P.20131013
EN work/ALU 1492852610 FL /home/charles/Documents/FPGA/CharlesProc/ALU.vhd \
      PB work/Constants 1492852609 PB ieee/std_logic_1164 1381692176 \
      PB ieee/NUMERIC_STD 1381692181
AR work/ALU/Behavioral 1492852611 \
      FL /home/charles/Documents/FPGA/CharlesProc/ALU.vhd EN work/ALU 1492852610
FL /home/charles/Documents/FPGA/CharlesProc/ALUTestBench.vhd 2017/04/14.22:22:22 P.20131013
EN work/ALUTestBench 1492191887 \
      FL /home/charles/Documents/FPGA/CharlesProc/ALUTestBench.vhd \
      PB work/Constants 1492852609 PB ieee/std_logic_1164 1381692176
AR work/ALUTestBench/Behavioral 1492191888 \
      FL /home/charles/Documents/FPGA/CharlesProc/ALUTestBench.vhd \
      EN work/ALUTestBench 1492191887 CP work/ALU
FL /home/charles/Documents/FPGA/CharlesProc/Computer.vhd 2017/04/22.09:49:03 P.20131013
EN work/Computer 1492852616 \
      FL /home/charles/Documents/FPGA/CharlesProc/Computer.vhd PB work/Constants 1492852609 \
      PB ieee/std_logic_1164 1381692176
AR work/Computer/Behavioral 1492852617 \
      FL /home/charles/Documents/FPGA/CharlesProc/Computer.vhd EN work/Computer 1492852616 \
      CP work/Microprocessor CP work/RAMController
FL /home/charles/Documents/FPGA/CharlesProc/Constants.vhd 2017/04/22.11:16:07 P.20131013
PH work/constants 1492852608 \
      FL /home/charles/Documents/FPGA/CharlesProc/Constants.vhd \
      PB ieee/std_logic_1164 1381692176
PB work/Constants 1492852609 \
      FL /home/charles/Documents/FPGA/CharlesProc/Constants.vhd PH work/constants 1492852608
FL /home/charles/Documents/FPGA/CharlesProc/MicroProcessor.vhd 2017/04/15.01:02:56 P.20131013
EN work/MicroProcessor 1492852612 \
      FL /home/charles/Documents/FPGA/CharlesProc/MicroProcessor.vhd \
      PB work/Constants 1492852609 PB ieee/std_logic_1164 1381692176 \
      PB ieee/NUMERIC_STD 1381692181
AR work/MicroProcessor/Behavioral 1492852613 \
      FL /home/charles/Documents/FPGA/CharlesProc/MicroProcessor.vhd \
      EN work/MicroProcessor 1492852612 CP work/ALU
FL /home/charles/Documents/FPGA/CharlesProc/RAMController.vhd 2017/04/22.09:42:11 P.20131013
EN work/RAMController 1492852614 \
      FL /home/charles/Documents/FPGA/CharlesProc/RAMController.vhd \
      PB work/Constants 1492852609 PB ieee/std_logic_1164 1381692176 \
      PB ieee/NUMERIC_STD 1381692181
AR work/RAMController/Behavioral 1492852615 \
      FL /home/charles/Documents/FPGA/CharlesProc/RAMController.vhd \
      EN work/RAMController 1492852614
FL "C:/Users/Charles/Google Drive/Projets/CharlesProc/ALU.vhd" 2017/04/14.20:22:06 P.20131013
FL "C:/Users/Charles/Google Drive/Projets/CharlesProc/ALUTestBench.vhd" 2017/04/14.19:44:38 P.20131013
FL "C:/Users/Charles/Google Drive/Projets/CharlesProc/Constants.vhd" 2017/04/14.20:21:53 P.20131013
FL "C:/Users/Charles/Google Drive/Projets/CharlesProc/MicroProcessor.vhd" 2017/04/14.21:03:27 P.20131013
